// Jest Snapshot v1, https://goo.gl/fbAQLP

exports[`CategoriesList renders correctly 1`] = `
<View
  style={
    {
      "gap": 8,
      "paddingVertical": 8,
    }
  }
>
  <RCTScrollView
    contentContainerStyle={
      {
        "gap": 8,
        "paddingHorizontal": 16,
      }
    }
    data={[]}
    getItem={[Function]}
    getItemCount={[Function]}
    horizontal={true}
    keyExtractor={[Function]}
    onContentSizeChange={[Function]}
    onLayout={[Function]}
    onMomentumScrollBegin={[Function]}
    onMomentumScrollEnd={[Function]}
    onScroll={[Function]}
    onScrollBeginDrag={[Function]}
    onScrollEndDrag={[Function]}
    removeClippedSubviews={false}
    renderItem={[Function]}
    scrollEventThrottle={0.0001}
    stickyHeaderIndices={[]}
    viewabilityConfigCallbackPairs={[]}
  >
    <View />
  </RCTScrollView>
</View>
`;
